Copyright 1986-2021 Xilinx, Inc. All Rights Reserved.
------------------------------------------------------------------------------------------------------
| Tool Version : Vivado v.2021.2 (lin64) Build 3367213 Tue Oct 19 02:47:39 MDT 2021
| Date         : Fri Apr 12 14:16:56 2024
| Host         : jonathan-laptop-framework running 64-bit Ubuntu 22.04.4 LTS
| Command      : report_utilization -file carbon_blank.utilization/utilization-full.rpt -hierarchical
| Design       : system_top
| Device       : xczu3eg-sfvc784-1-e
| Speed File   : -1
| Design State : Routed
------------------------------------------------------------------------------------------------------

Utilization Design Information

Table of Contents
-----------------
1. Utilization by Hierarchy

1. Utilization by Hierarchy
---------------------------

+--------------------+---------------------------------------------------------+------------+------------+---------+------+-----+--------+--------+------+------------+
|      Instance      |                          Module                         | Total LUTs | Logic LUTs | LUTRAMs | SRLs | FFs | RAMB36 | RAMB18 | URAM | DSP Blocks |
+--------------------+---------------------------------------------------------+------------+------------+---------+------+-----+--------+--------+------+------------+
| system_top         |                                                   (top) |          9 |          9 |       0 |    0 |   0 |      0 |      0 |    0 |          0 |
|   (system_top)     |                                                   (top) |          0 |          0 |       0 |    0 |   0 |      0 |      0 |    0 |          0 |
|   i_system_wrapper |                                          system_wrapper |          9 |          9 |       0 |    0 |   0 |      0 |      0 |    0 |          0 |
|     system_i       |                                                  system |          9 |          9 |       0 |    0 |   0 |      0 |      0 |    0 |          0 |
|       (system_i)   |                                                  system |          0 |          0 |       0 |    0 |   0 |      0 |      0 |    0 |          0 |
|       sys_ps8      |                                        system_sys_ps8_0 |          9 |          9 |       0 |    0 |   0 |      0 |      0 |    0 |          0 |
|         inst       | system_sys_ps8_0_zynq_ultra_ps_e_v3_3_6_zynq_ultra_ps_e |          9 |          9 |       0 |    0 |   0 |      0 |      0 |    0 |          0 |
+--------------------+---------------------------------------------------------+------------+------------+---------+------+-----+--------+--------+------+------------+
* Note: The sum of lower-level cells may be larger than their parent cells total, due to cross-hierarchy LUT combining


